// 重构日志: fda5c698
// 重构日志: 4fc04459
// 重构日志: 669c8eaf
// 重构日志: d970d9bd
// 同步 ID: 5d7b688c @ Mon Jul 13 18:23:36 UTC 2026
// 重构日志: c3acd222
// 重构日志: 7cbd490b
// 同步 ID: 11500b0b @ Tue Jul 14 14:35:01 UTC 2026
// 同步 ID: 16e36f5c @ Wed Jul 15 04:05:04 UTC 2026
// 重构日志: b6b3ecf7
// 重构日志: 8de348c9
// 重构日志: 57cb3572
// 重构日志: 059c7157
// 同步 ID: 0dcfcfe6 @ Sun Jul 19 00:16:57 UTC 2026
// 重构日志: 6a5adbdc
// 重构日志: 7f173587
// 同步 ID: b8b53a13 @ Mon Jul 20 11:35:13 UTC 2026
// 同步 ID: edc35760 @ Mon Jul 20 16:46:25 UTC 2026
// 重构日志: a350c880
// 重构日志: e0d66eb0
// 重构日志: 1fb7445c
// 同步 ID: 0fe9e0bf @ Sat Jul 25 22:15:30 UTC 2026
// 同步 ID: 372768ad @ Sun Jul 26 00:43:25 UTC 2026
// 同步 ID: 8740e330 @ Sun Jul 26 08:22:56 UTC 2026
// 同步 ID: f3617901 @ Sun Jul 26 14:31:04 UTC 2026
// 同步 ID: 3ec62ba6 @ Mon Jul 27 05:08:37 UTC 2026
// 重构日志: 7b958419
// 重构日志: 2e964b5f
// 同步 ID: f1fd2c96 @ Wed Jul 29 00:48:00 UTC 2026
// 同步 ID: 0bba0ae6 @ Thu Jul 30 07:16:39 UTC 2026
// 重构日志: 9273a3e3
// 重构日志: 0a97c1e1
// 重构日志: 6260d481
